// Jest Snapshot v1, https://goo.gl/fbAQLP

exports[`Pokemon Card render sin problemas 1`] = `ShallowWrapper {}`;
