// Jest Snapshot v1, https://goo.gl/fbAQLP

exports[`Pokemon Detail render sin problemas 1`] = `ReactWrapper {}`;
