// Jest Snapshot v1, https://goo.gl/fbAQLP

exports[`PokemonTypeChip render sin problemas 1`] = `ReactWrapper {}`;
